// Jest Snapshot v1, https://goo.gl/fbAQLP

exports[`Pruebas con <GifGrid /> debe de mostrar items cuando se cargan im√°genes useFetchGifs 1`] = `
<Fragment>
  <h3
    className="animate__animated animate__fadeIn"
  >
    Test
  </h3>
  <div
    className="card-grid"
  >
    <GifGridItem
      id="1"
      key="1"
      title="Test"
      url="https://localhost/img.jpg"
    />
  </div>
</Fragment>
`;

exports[`Pruebas con <GifGrid /> debe de mostrarse correctamente 1`] = `
<Fragment>
  <h3
    className="animate__animated animate__fadeIn"
  >
    Test
  </h3>
  <p
    className="animate__animated animate__flash"
  >
    Loading...
  </p>
  <div
    className="card-grid"
  />
</Fragment>
`;
